../Core/Src/main.c:72:5:main	16	static
../Core/Src/main.c:194:6:SystemClock_Config	88	static
../Core/Src/main.c:241:13:MX_FDCAN1_Init	8	static
../Core/Src/main.c:286:13:MX_TIM1_Init	40	static
../Core/Src/main.c:333:13:MX_TIM3_Init	64	static
../Core/Src/main.c:392:13:MX_TIM4_Init	40	static
../Core/Src/main.c:436:13:MX_GPIO_Init	40	static
../Core/Src/main.c:473:13:FDCAN_Config	40	static
../Core/Src/main.c:532:6:HAL_FDCAN_RxFifo0Callback	16	static
../Core/Src/main.c:590:6:Error_Handler	4	static,ignoring_inline_asm
